// Jest Snapshot v1, https://goo.gl/fbAQLP

exports[`Paper Component matches snapshot 1`] = `
<DocumentFragment>
  <div
    class="MuiPaper-root MuiPaper-elevation MuiPaper-rounded MuiPaper-elevation1 css-g7f0bg-MuiPaper-root"
  />
</DocumentFragment>
`;
